app/dashboard/teacher/attendance/page.tsx(6,32): error TS2307: Cannot find module 'sonner' or its corresponding type declarations.
